// Jest Snapshot v1, https://goo.gl/fbAQLP

exports[`FadeIntoView should render something 1`] = `
<div
  style={
    Object {
      "opacity": 0,
      "transform": "translateY(100px)",
    }
  }
>
  <div>
    Boo!
  </div>
</div>
`;
